<html>
<body>
<pre>
<h1>µVision Build Log</h1>
<h2>Tool Versions:</h2>
IDE-Version: ¦ÌVision V5.34.0.0
Copyright (C) 2021 ARM Ltd and ARM Germany GmbH. All rights reserved.
License Information: 11 22, 34, LIC=RC93N-YPCRN-63NMB-2EKR7-4TU5C-EG3JH
 
Tool Versions:
Toolchain:       MDK-ARM Plus  Version: 5.34.0.0
Toolchain Path:  C:\Keil_v5\ARM\ARMCC\Bin
C Compiler:      Armcc.exe V5.06 update 7 (build 960)
Assembler:       Armasm.exe V5.06 update 7 (build 960)
Linker/Locator:  ArmLink.exe V5.06 update 7 (build 960)
Library Manager: ArmAr.exe V5.06 update 7 (build 960)
Hex Converter:   FromElf.exe V5.06 update 7 (build 960)
CPU DLL:         SARMCM3.DLL V5.34.0.0
Dialog DLL:      DARMCM1.DLL V1.19.4.0
Target DLL:      UL2CM3.DLL V1.163.9.0
Dialog DLL:      TARMCM1.DLL V1.14.3.0
 
<h2>Project:</h2>
C:\PHY+workplace\Git\PHY6212\release\release_prime_sdk_2xx-PHY62XX_SDK_2.1.3\example\ble_mesh\aliGenie_bleMesh\aliGenie_bleMesh_fanlight\aliGenie_mesh_fanlight.uvprojx
Project File Date:  09/07/2022

<h2>Output:</h2>
*** Using Compiler 'V5.06 update 7 (build 960)', folder: 'C:\Keil_v5\ARM\ARMCC\Bin'
Rebuild target 'fanlight'
compiling clock.c...
compiling flash.c...
compiling pwm.c...
compiling common.c...
compiling my_printf.c...
compiling gpio.c...
compiling main.c...
compiling uart.c...
compiling pwrmgr.c...
compiling devinfoservice.c...
compiling gap.c...
compiling gapgattserver.c...
compiling peripheral.c...
compiling gattservapp.c...
compiling simplekeys.c...
compiling simpleGATTprofile_ota.c...
compiling observer.c...
compiling central.c...
compiling osal_snv.c...
compiling jump_table.c...
compiling gapbondmgr.c...
compiling sha256.c...
compiling ali_genie_profile.c...
compiling aliGenie_appl_node_mng.c...
compiling aliGenie_appl_Prov.c...
compiling aliGenie_appl_Proxy.c...
compiling aliGenie_bleMesh_Main.c...
compiling appl_utils.c...
compiling aliGenie_blebrr.c...
compiling aliGenie_bleMesh.c...
compiling aliGenie_appl_Generic_OnOff.c...
compiling aliGenie_appl_Vendor.c...
compiling aliGenie_appl_common.c...
compiling aliGenie_OSAL_bleMesh.c...
compiling lib_light.c...
compiling aliGenie_appl_Vendor_indications.c...
compiling aliGenie_appl_Generic_Scene.c...
compiling aliGenie_appl_Light_Lightness.c...
compiling aes.c...
compiling aliGenie_appl_Light_HSL.c...
compiling aes-ccm.c...
compiling EM_debug.c...
compiling blebrr_gatt.c...
compiling EM_os.c...
compiling EM_timer.c...
compiling MS_common_pl.c...
compiling prov_pl.c...
compiling model_state_handler_pl.c...
compiling EXT_cbtimer.c...
compiling EM_platform.c...
compiling mesh_services.c...
compiling mesh_clients.c...
compiling cry.c...
compiling aliGenie_appl_fanlight.c...
compiling aliGenie_appl_Vendor_fan.c...
compiling blebrr_pl.c...
compiling aliGenie_led_light.c...
compiling aliGenie_appl_Vendor_fanlight.c...
assembling P256-cortex-m0-ecdh-keil.s...
assembling startup_ARMCM0.s...
compiling aliGenie_appl_Vendor_light.c...
compiling system_ARMCM0.c...
linking...
Program Size: Code=114760 RO-data=9708 RW-data=2960 ZI-data=44936  
FromELF: creating hex file...
After Build - User command #1: fromelf.exe --bin -o  ./aliGenie_mesh_fanlight.bin  ./Objects/aliGenie_mesh_fanlight.axf
After Build - User command #2: fromelf -c -a -d -e -v -o aliGenie_mesh_fanlight.asm ./Objects/aliGenie_mesh_fanlight.axf
".\Objects\aliGenie_mesh_fanlight.axf" - 0 Error(s), 0 Warning(s).

<h2>Software Packages used:</h2>

Package Vendor: ARM
                http://www.keil.com/pack/ARM.CMSIS.5.8.0.pack
                ARM.CMSIS.5.8.0
                CMSIS (Common Microcontroller Software Interface Standard)
   * Component: CORE Version: 5.5.0
   * Component: Startup Version: 1.2.2

<h2>Collection of Component include folders:</h2>
  .\RTE\_fanlight
  C:\Users\Jovin\AppData\Local\Arm\Packs\ARM\CMSIS\5.8.0\CMSIS\Core\Include
  C:\Users\Jovin\AppData\Local\Arm\Packs\ARM\CMSIS\5.8.0\Device\ARM\ARMCM0\Include

<h2>Collection of Component Files used:</h2>

   * Component: ARM::CMSIS:CORE:5.5.0

   * Component: ARM::Device:Startup:1.2.2
      Source file:   Device\ARM\ARMCM0\Source\system_ARMCM0.c
      Source file:   Device\ARM\ARMCM0\Source\ARM\startup_ARMCM0.s
      Include file:  Device\ARM\ARMCM0\Include\ARMCM0.h
Build Time Elapsed:  00:00:10
</pre>
</body>
</html>
